## Product Spotlight Enterprise (About)
40001	enterprise_releasenotes_new	Content/NewInThisRelease	SpotlightBasics_BASIC
1007	enterprise_legal_thirdpartycomponents	Content/DSGTopics/ThirdPartyContributions	IDH_Legal_ThirdPartyContributions

## Product Spotlight Enterprise (Connections)
40002	enterprise_connect_display	Content/Connections/connections	UISpotlightBrowser_BASIC
905	enterprise_connect_newconnectionviewproperties	Content/Connections/dialog_addcustomview	IDH_Connections_CustomViewAdd
907	enterprise_connect_connectionviewproperties	Content/Connections/dialog_connectionviewproperties	IDH_Connections_CustomViewProp
906	enterprise_connect_selectconnections	Content/Connections/dialog_selectconnections_customviews	IDH_Connections_CustomViewSelect
40008	enterprise_cfgmonitor_connect	Content/Connections/dialog_spotlightconnectionmanager	UIConnectionManager_BASIC
40104	enterprise_cfgmonitor_connect_newdetails	Content/Connections/dialog_newconnectiondetails	ConnectionNew_BASIC
40101	enterprise_cfgmonitor_connect_details	Content/Connections/dialog_connectionproperties_details	connectionmanager_detailspage_DSM
40103	enterprise_cfgmonitor_connect_tags	Content/Connections/dialog_connectionproperties_tags	ConnectionManager_Tags_DSM
40102	enterprise_cfgmonitor_connect_monitor	Content/Connections/dialog_connectionproperties_monitoring	connectionmanager_monitoringpage_DSM
1003	enterprise_cfgmonitor_plannedoutage	Content/Configure/dialog_plannedoutage	IDH_CFG_PlannedOutage
1004	enterprise_cfgmonitor_plannedoutage_details	Content/Configure/dialog_plannedoutage_details	IDH_CFG_PlannedOutage_Add

## Product Spotlight Enterprise (Displays)
40007	enterprise_display_heatmap	Content/SpotlightDisplays/heatmap	UIHeatMap_DSM
40004	enterprise_display_spotlighttoday	Content/SpotlightDisplays/SpotlightToday	UISpotlightToday_BASIC
40005	enterprise_display_alarmsbytime	Content/SpotlightDisplays/AlarmsByTime	UIAlarmsByTime_BASIC
40006	enterprise_display_alarmlog	Content/SpotlightDisplays/AlarmLog	UIAlarmLog_BASIC
40111	enterprise_display_gridsproperties	Content/ChartsAndGrids/dialog_grid_configureproperties_options	ComponentPropertiesOptionsDD_BASIC
40113	enterprise_display_chartsproperties	Content/ChartsAndGrids/dialog_chart_configureproperties	ComponentPropertiesChart_BASIC
40114	enterprise_display_chartsproperties_filter	Content/ChartsAndGrids/dialog_chart_configureproperties_filtering	ComponentPropertiesFiltering_BASIC"
40230	enterprise_display_chartsgrids_restore	Content/ChartsAndGrids/restore.htm	RestoreDefaults_BASIC 
320	enterprise_display_reports	Content/ReportingTrending/reports_about	Reports_TRND

## Product Spotlight Enterprise (Alarms)
40012	enterprise_alarm_acknowledge	Content/SpotlightDisplays/alarm_acknowledge	IDH_Alarms_Ack
40011	enterprise_alarm_snooze	Content/SpotlightDisplays/alarm_snooze	IDH_Alarms_Snooze
210	enterprise_cfgmonitor_alarm	Content/AlarmsDialog/configure_alarm	IDH_Configure_Alarm
79	enterprise_cfgmonitor_alarm_ignorevalues	Content/AlarmsDialog/configure_alarm_ignorevalues	Alarms_Ignore_Values_DSM
212	enterprise_cfgmonitor_alarms	Content/AlarmsDialog/configure_alarms	Alarms_dialog_DSM
220	enterprise_cfgmonitor_alarmactions	Content/AlarmActionEditor/dialog_alarmactioneditor	IDH_AlarmActionEditor
221	enterprise_cfgmonitor_alarmaction	Content/AlarmActionEditor/dialog_alarmaction	IDH_AlarmActionEditor_Rule
213	enterprise_cfgmonitor_alarmaction_runaprogram	Content/AlarmActionEditor/dialog_runaprogram	IDH_onAlarm_RunProgram_DSM
214	enterprise_cfgmonitor_alarmaction_sendemail	Content/AlarmActionEditor/dialog_sendanemail	IDH_onAlarm_SendEmail_DSM
215	enterprise_cfgmonitor_alarmaction_pushnotification	Content/AlarmActionEditor/dialog_sendapushnotification	IDH_onAlarm_SendPushNotification

## Product Spotlight Enterprise (Data Collection)
211	enterprise_cfgmonitor_scheduling	Content/Configure/dialog_backgroundschedules	Schedule_dialog_DSM
246	enterprise_cfgmonitor_sqlserverresponsetime	Content/Configure/dialog_sqlserverresponsetime	IDH_Response_Time_Page_SQLSV
18	enterprise_cfgmonitor_customcounters	Content/Configure/dialog_customcounters	CustomCountersConfigure_DSM
19	enterprise_cfgmonitor_customcounters_add	Content/Configure/dialog_customcounters_add	IDH_CFG_CustomCounters_Add
234	enterprise_cfgmonitor_errorlogentries	Content/Configure/dialog_configureerrorlogentries	IDH_ERROR_LOG_PAGE_SQLSV
404	enterprise_cfgmonitor_disksdisplay	Content/Configure/dialog_disksdisplay	IDH_DISKS_TAB_WIN
183	enterprise_cfgmonitor_monitoredfiles	Content/Configure/dialog_monitoredfiles	IDH_Files_page_WIN
185	enterprise_cfgmonitor_monitoredfiles_addfile	Content/Configure/configure_windows_addfile	IDH_FILES_PAGE_SELECT_WIN
190 enterprise_cfgmonitor_defragcheck

## Product Spotlight Enterprise (Configure Spotlight Diagnostic Server)
701	enterprise_cfgds_select	Content/OptionsDialog/options_ds_address	Diagnostic_Server_DSM
1001	enterprise_cfgds_select	Content/OptionsDialog/options_ds_address	Choose_Diagnostic_Server_DSM
704	enterprise_cfgds_databasemaintenanceschedule	Content/OptionsDialog/options_ds_maintenanceschedule	Maintenance_DSM
709	enterprise_cfgds_pagerduty	Content/OptionsDialog/options_ds_pagerduty	IDH_DS_PagerDuty
1002	enterprise_cfgds_autoupdate	Content/OptionsDialog/options_ds_autoupdate	IDH_DS_AutoUpdate
705	enterprise_cfgds_mailserver	Content/OptionsDialog/options_ds_mailserver	Diagnostic_Server_mail_server_DSM
702	enterprise_cfgds_playbackdatabase	Content/OptionsDialog/options_ds_playback	Playback_page_DSM
2010	enterprise_backend_playback	Content/Playback/playback_deploy	IDH_Deploy_PB
707	enterprise_cfgds_snmptrap	Content/OptionsDialog/options_ds_snmptrap	IDH_DS_SNMPTrap
2020	enterprise_backend_ssr	Content/SpotlightStatisticsRepository/ssr_deploy	IDH_Deploy_SSR
703	enterprise_cfgds_ssr	Content/OptionsDialog/options_ds_ssr	SSR_DSM
708	enterprise_cfgds_extendedevents	Content/OptionsDialog/options_ds_extendedevents	IDH_DS_ExtendedEvents
706	enterprise_cfgds_spotlightcloud	Content/OptionsDialog/options_ds_spotlightessentials	Lucy_Configure_DSM
1011	enterprise_cfgds_federate	Content/OptionsDialog/options_ds_manage	IDH_CFG_FederateDS
2030	enterprise_backend_federation	Content/SpotlightDiagnosticServer/ds_federate	IDH_Deploy_FederateDS

## Product Spotlight Enterprise (Configure Spotlight Client)
40213	enterprise_cfgclient_appearanceofcharts	Content/OptionsDialog/options_client_charts	OptionsAppearanceCharts_BASIC
40220	enterprise_cfgclient_overviewpageclickaction	Content/OptionsDialog/options_client_homepagecontrol	OptionsAssistanceHelp_BASIC
440214	enterprise_cfgclient_severitycolorsforaccessibility	Content/OptionsDialog/options_client_alarms	IDH_OptionsAppearance_AlarmColor
40280	enterprise_cfgclient_displayperformance	Content/OptionsDialog/options_client_display	OptionsTroubleshootingDisplayPerformance_BASIC
40260	enterprise_cfgclient_supportbundle	Content/OptionsDialog/options_client_supportbundle	OptionsServersSetMailServer_BASIC
40150	enterprise_support_buildthesupportbundle	Content/About/Build_the_support_bundle_s00	BuildSupportBundle_BASIC

## Product Spotlight Enterprise (Deployment)
247	enterprise_backend_spotlightdiagnosticusergroups	Content/NetworkWindows/spotlightdiagnosticusergroups	IDH_Quest_Diagnostic_User_Groups_SQLSV
1000	enterprise_backend_windowsnetwork	Content/NetworkWindows/windows_deployment	Troubleshoot_DS_Issues_SQLSV
1010	enterprise_backend_ds_40403	Content/SpotlightDiagnosticServer/ds_troubleshoot_p40403	IDH_NetworkWindows_Port40403


## Connection Analysis Services
925	analysisservices_connect_details	Content/Connections/connect_analysisservices	IDH_Connect_AnalysisServices
261	analysisservices_drilldown_overview		homepage_ASERV
263	analysisservices_drilldown_activity	Content/Drilldowns/drilldown_analysisservices_activity	drilldown_activity_ASERV
262	analysisservices_drilldown_memory	Content/Drilldowns/home_analysisservices	drilldown_memory_ASERV
264	analysisservices_drilldown_storage	Content/Drilldowns/drilldown_analysisservices_storage	drilldown_storage_ASERV
265	analysisservices_drilldown_configuration	Content/Drilldowns/drilldown_analysisservices_configuration	drilldown_configuration_ASERV

## Connection Availability Group
930	availabilitygroup_connect_details	Content/Connections/connect_availabilitygroups	IDH_Connect_Availability
800	availabilitygroup_drilldown_overview	Content/Drilldowns/home_availabilitygroups	HighAvailability_homepage_SQLSV

## Connection Discovery Wizard
888	enterprise_cfgmonitor_connect_discoverywizard	IDH_connect_discoverywizard

## Connection Hyper-V
965	hyperv_connect_details	Content/Connections/connect_hyperv	IDH_Connect_HyperV
510	hyperv_drilldown_overview	Content/Drilldowns/drilldown_hyperv	IDH_Hyperv_DRILLDOWN_WIN

## Connection Replication
920	replication_connect_details	Content/Connections/connect_sqlserverrep	IDH_Connect_SQLServerRep
50	replication_drilldown_overview	Content/Drilldowns/home_sqlserverrep	SoSSRep_homepage_SQLSV
51	replication_drilldown_activity	Content/Drilldowns/drilldown_sqlserverrep_activity	SoSSRep_activity_drilldown_SQLSV

## Connection SQL Azure
940	sqlazure_connect_details	Content/Connections/connect_sqlazure	IDH_Connect_SQLAzure
500	sqlazure_drilldown_overview	Content/Drilldowns/home_sqlazure	homepage_AZURE
501	sqlazure_drilldown_sqlactivity	Content/Drilldowns/drilldown_sqlazure_activity	drilldown_activity_AZURE
502	sqlazure_drilldown_databases	Content/Drilldowns/drilldown_sqlazure_databases	drilldown_databases_AZURE

## Connection SQL Server
910	sqlserver_connect_details	Content/Connections/connect_sqlserver	IDH_Connect_SQLServer
10	sqlserver_connect_troubleshoot	Content/ConnectSQLServer/troubleshoot_display_sosse_sessiontrace	IDH_Error_In_Session_Trace_SQLSV
1	sqlserver_drilldown_overview	Content/Drilldowns/home_sqlserver	IDH_SOSS_HOME_PAGE_SQLSV
6	sqlserver_drilldown_memory	Content/Drilldowns/drilldown_sqlserver_memory	IDH_MEMORY_SUMMARY_TAB_SQLSV
5	sqlserver_drilldown_sqlactivity	Content/Drilldowns/drilldown_sqlserver_sqlactivity	IDH_Sql_Activity_Summary_Tab_SQLSV
1005	sqlserver_drilldown_performancehealth	Content/Drilldowns/drilldown_sqlserver_performancehealth	IDH_SQLServer_PerformanceHealth
2	sqlserver_drilldown_waitstatistics	Content/Drilldowns/drilldown_sqlserver_waitstats	IDH_SQLServer_WaitStatistics
1006	sqlserver_drilldown_waitevents	Content/Drilldowns/drilldown_sqlserver_waitevents	IDH_SQLServer_StatementWaits
4	sqlserver_drilldown_highavailability	Content/Drilldowns/drilldown_sqlserver_highavailability	HighAvailabilitydrilldown_SQLSV
160	sqlserver_drilldown_databases	Content/Drilldowns/drilldown_sqlserver_databases	Databases_drilldown_SQLSV
165	sqlserver_drilldown_supportservices	Content/Drilldowns/drilldown_sqlserver_supportservices	IDH_Support_Services_drilldown_SQLSV
154	sqlserver_drilldown_configuration	Content/Drilldowns/drilldown_sqlserver_configuration	IDH_SQL_Configuration_tab_SQLSV
236	sqlserver_drilldown_errorlog	Content/Drilldowns/drilldown_sqlserver_errorlog	IDH_SQL_SERVER_ERROR_LOG_SQLSV
1008	sqlserver_drilldown_workloadanalysis	Content/Drilldowns/drilldown_sqlserver_workloadanalysis	IDH_SQLServer_WorkloadAnalysis
1009	sqlserver_drilldown_tempdb	Content/Drilldowns/drilldown_sqlserver_tempdb	IDH_SQLServer_TempDB

## Connection VMware
960	vmware_connect_details	Content/Connections/connect_vmware	IDH_Connect_VMWare
450	vmware_drilldown_overview	Content/Drilldowns/drilldown_vmware	IDH_VMware_DRILLDOWN_WIN

## Connection Windows Server
950	windows_connect_details	Content/Connections/connect_windows	IDH_Connect_Windows
89	windows_drilldown_overview	Content/Drilldowns/home_windows	IDH_THE_MAIN_SPOTLIGHT_WINDOW_WIN
401	windows_drilldown_processes	Content/Drilldowns/drilldown_windows_processes	IDH_PROCESSES_DRILLDOWN_WIN
20	windows_drilldown_cpu	Content/Drilldowns/drilldown_windows_cpu	IDH_CPU_DRILLDOWN_WIN
58	windows_drilldown_memory	Content/Drilldowns/drilldown_windows_memory	IDH_MEMORY_DRILLDOWN_WIN
34	windows_drilldown_disks	Content/Drilldowns/drilldown_windows_disks	IDH_DISKS_DRILLDOWN_WIN
43	windows_drilldown_network	Content/Drilldowns/drilldown_windows_network	IDH_NETWORK_DRILLDOWN_WIN
87	windows_drilldown_eventlogs	Content/Drilldowns/drilldown_windows_eventlog	IDH_EVENT_LOG_DRILLDOWN_WIN
28	windows_drilldown_activity	Content/Drilldowns/drilldown_windows_activity	IDH_ACTIVITY_SUMMARY_DRILLDOWN_WIN

## Connection Linux
970	unix_connect_details	IDH_Connect_Unix
470	unix_drilldown_overview		IDH_Unix_Home_Page

## Connection Diagnostic Server
520	spotlightds_drilldown_overview	Content/Drilldowns/drilldown_spotlightdiagnosticserver	IDH_Home_DiagnosticServer
